---
source: tests/src/unit.rs
input_file: tests/fixtures/unit/code/dict-flavor.typ
---
#{
  (key1: "123", key2: "456")
}
