---
source: tests/src/unit.rs
input_file: tests/fixtures/unit/code/params-flavor.typ
---
#let my-f(arg1, arg2, args: none) = {
  arg1 + arg2
}

#let my-f(arg1, arg2, args: none) = {
  arg1 + arg2
}
