---
source: tests/src/unit.rs
input_file: tests/fixtures/unit/markup/content-compact-reflow.typ
---
/// typstyle: wrap_text
/// typstyle: include=content-compact.typ
#[- 111]
#[- 222]
#[- 333]
#[/ 444:]
#[/ 555:]
#[/ 666:]
#[$12345$]
#[= 123]

#[- aaa bbb]
#[
  / ccc:
    ddd
]

#[*strong
*]
#[_
  emph_]
#[*
  _
    strong-emph
  _
*]

#[#{}]
#[#[]]
#[ #{} ]
#[ #[ ] ]
#[#{
  //
}]
#[#[
  //
]]
#[#[#[#[
  aaa
]]]]

#[
  /*  */
  000]
#[
  /*  */
  \#
]
#[
  /*  */
  \\
]
#[
  //
  --
]

#[$ 111111111111111111111111111111111111 $]
#[$
  2222222222222222222222222222222222222
$]

#[
  $ a $
  \
]
#[
  $ b $
  \
  \
]

#[
  $ c $
  <l2>
]
#[
  $ d $ <l1>
  <l2>
]
