---
source: tests/src/unit.rs
input_file: tests/fixtures/unit/document/empty-space.typ
---

