---
source: tests/src/unit.rs
input_file: tests/fixtures/unit/document/top-comment.typ
---
/// This is a module
/// A module!

Something else
1*
  2* 3
