---
source: tests/src/unit.rs
input_file: tests/fixtures/unit/mixed/code-inside-content.typ
---
#[#{
    let something = 0
  }\
]
